Nov-14 16:31:55.004 [main] DEBUG nextflow.cli.Launcher - $> nextflow run accessionFetcher.nf -with-apptainer 'https://depot.galaxyproject.org/singularity/sra-tools%3A3.1.0--h9f5acd7_0'
Nov-14 16:31:55.050 [main] DEBUG nextflow.cli.CmdRun - N E X T F L O W  ~  version 24.04.4
Nov-14 16:31:55.062 [main] DEBUG nextflow.plugin.PluginsFacade - Setting up plugin manager > mode=prod; embedded=false; plugins-dir=/Users/davidkirchner/.nextflow/plugins; core-plugins: nf-amazon@2.5.3,nf-azure@1.6.1,nf-cloudcache@0.4.1,nf-codecommit@0.2.1,nf-console@1.1.3,nf-ga4gh@1.3.0,nf-google@1.13.2-patch1,nf-tower@1.9.1,nf-wave@1.4.2-patch1
Nov-14 16:31:55.068 [main] INFO  o.pf4j.DefaultPluginStatusProvider - Enabled plugins: []
Nov-14 16:31:55.069 [main] INFO  o.pf4j.DefaultPluginStatusProvider - Disabled plugins: []
Nov-14 16:31:55.070 [main] INFO  org.pf4j.DefaultPluginManager - PF4J version 3.12.0 in 'deployment' mode
Nov-14 16:31:55.077 [main] INFO  org.pf4j.AbstractPluginManager - No plugins
Nov-14 16:31:55.089 [main] DEBUG nextflow.config.ConfigBuilder - Found config local: /Users/davidkirchner/Documents/Code/uni/sem4/htwpipe/nextflow/ground_truth/nextflow.config
Nov-14 16:31:55.092 [main] DEBUG nextflow.config.ConfigBuilder - Parsing config file: /Users/davidkirchner/Documents/Code/uni/sem4/htwpipe/nextflow/ground_truth/nextflow.config
Nov-14 16:31:55.108 [main] DEBUG n.secret.LocalSecretsProvider - Secrets store: /Users/davidkirchner/.nextflow/secrets/store.json
Nov-14 16:31:55.110 [main] DEBUG nextflow.secret.SecretsLoader - Discovered secrets providers: [nextflow.secret.LocalSecretsProvider@2873d672] - activable => nextflow.secret.LocalSecretsProvider@2873d672
Nov-14 16:31:55.113 [main] DEBUG nextflow.config.ConfigBuilder - Applying config profile: `standard`
Nov-14 16:31:55.334 [main] DEBUG nextflow.config.ConfigBuilder - Enabling execution in Apptainer container as requested by command-line option `-with-apptainer null`
Nov-14 16:31:55.341 [main] DEBUG nextflow.cli.CmdRun - Applied DSL=2 from script declaration
Nov-14 16:31:55.350 [main] DEBUG nextflow.cli.CmdRun - Launching `accessionFetcher.nf` [kickass_dijkstra] DSL2 - revision: 0ff5bdfbf2
Nov-14 16:31:55.351 [main] DEBUG nextflow.plugin.PluginsFacade - Plugins default=[]
Nov-14 16:31:55.351 [main] DEBUG nextflow.plugin.PluginsFacade - Plugins resolved requirement=[]
Nov-14 16:31:55.397 [main] DEBUG nextflow.Session - Session UUID: ad4d03da-a78c-41c2-8bcb-d29e934978aa
Nov-14 16:31:55.397 [main] DEBUG nextflow.Session - Run name: kickass_dijkstra
Nov-14 16:31:55.397 [main] DEBUG nextflow.Session - Executor pool size: 12
Nov-14 16:31:55.401 [main] DEBUG nextflow.file.FilePorter - File porter settings maxRetries=3; maxTransfers=50; pollTimeout=null
Nov-14 16:31:55.416 [main] DEBUG nextflow.cli.CmdRun - 
  Version: 24.04.4 build 5917
  Created: 01-08-2024 07:05 UTC (09:05 CEST)
  System: Mac OS X 15.0.1
  Runtime: Groovy 4.0.21 on OpenJDK 64-Bit Server VM 22.0.1+8-16
  Encoding: UTF-8 (UTF-8)
  Process: 74270@mpd.local [127.0.0.1]
  CPUs: 12 - Mem: 32 GB (46.5 MB) - Swap: 0 (0) - Virtual threads ON
Nov-14 16:31:55.423 [main] DEBUG nextflow.Session - Work-dir: /Users/davidkirchner/Documents/Code/uni/sem4/htwpipe/nextflow/ground_truth/work [Mac OS X]
Nov-14 16:31:55.423 [main] DEBUG nextflow.Session - Script base path does not exist or is not a directory: /Users/davidkirchner/Documents/Code/uni/sem4/htwpipe/nextflow/ground_truth/bin
Nov-14 16:31:55.429 [main] DEBUG nextflow.executor.ExecutorFactory - Extension executors providers=[]
Nov-14 16:31:55.435 [main] DEBUG nextflow.Session - Observer factory: DefaultObserverFactory
Nov-14 16:31:55.447 [main] DEBUG nextflow.cache.CacheFactory - Using Nextflow cache factory: nextflow.cache.DefaultCacheFactory
Nov-14 16:31:55.452 [main] DEBUG nextflow.util.CustomPoolFactory - Creating virtual thread pool
Nov-14 16:31:55.481 [main] DEBUG nextflow.Session - Session start
Nov-14 16:31:55.667 [main] DEBUG nextflow.script.ScriptRunner - > Launching execution
Nov-14 16:31:55.718 [main] DEBUG nextflow.executor.ExecutorFactory - << taskConfig executor: null
Nov-14 16:31:55.718 [main] DEBUG nextflow.executor.ExecutorFactory - >> processorType: 'local'
Nov-14 16:31:55.721 [main] DEBUG nextflow.executor.Executor - [warm up] executor > local
Nov-14 16:31:55.724 [main] DEBUG n.processor.LocalPollingMonitor - Creating local task monitor for executor 'local' > cpus=12; memory=32 GB; capacity=12; pollInterval=100ms; dumpInterval=5m
Nov-14 16:31:55.725 [main] DEBUG n.processor.TaskPollingMonitor - >>> barrier register (monitor: local)
Nov-14 16:31:55.762 [main] DEBUG nextflow.executor.ExecutorFactory - << taskConfig executor: null
Nov-14 16:31:55.762 [main] DEBUG nextflow.executor.ExecutorFactory - >> processorType: 'local'
Nov-14 16:31:55.769 [main] DEBUG nextflow.executor.ExecutorFactory - << taskConfig executor: null
Nov-14 16:31:55.769 [main] DEBUG nextflow.executor.ExecutorFactory - >> processorType: 'local'
Nov-14 16:31:55.771 [main] DEBUG nextflow.executor.ExecutorFactory - << taskConfig executor: null
Nov-14 16:31:55.771 [main] DEBUG nextflow.executor.ExecutorFactory - >> processorType: 'local'
Nov-14 16:31:55.772 [main] DEBUG nextflow.executor.ExecutorFactory - << taskConfig executor: null
Nov-14 16:31:55.773 [main] DEBUG nextflow.executor.ExecutorFactory - >> processorType: 'local'
Nov-14 16:31:55.779 [main] DEBUG nextflow.executor.ExecutorFactory - << taskConfig executor: null
Nov-14 16:31:55.779 [main] DEBUG nextflow.executor.ExecutorFactory - >> processorType: 'local'
Nov-14 16:31:55.784 [main] DEBUG nextflow.executor.ExecutorFactory - << taskConfig executor: null
Nov-14 16:31:55.785 [main] DEBUG nextflow.executor.ExecutorFactory - >> processorType: 'local'
Nov-14 16:31:55.786 [main] DEBUG nextflow.Session - Workflow process names [dsl2]: parseTXT, mergeFastq, mergeGroundtruth, fasterq, reader, fetch, groundtruth_gen
Nov-14 16:31:55.786 [main] DEBUG nextflow.Session - Igniting dataflow network (9)
Nov-14 16:31:55.789 [main] DEBUG nextflow.processor.TaskProcessor - Starting process > parseTXT
Nov-14 16:31:55.789 [main] DEBUG nextflow.processor.TaskProcessor - Starting process > fetch
Nov-14 16:31:55.789 [main] DEBUG nextflow.processor.TaskProcessor - Starting process > fasterq
Nov-14 16:31:55.789 [main] DEBUG nextflow.processor.TaskProcessor - Starting process > reader
Nov-14 16:31:55.790 [main] DEBUG nextflow.processor.TaskProcessor - Starting process > groundtruth_gen
Nov-14 16:31:55.790 [main] DEBUG nextflow.processor.TaskProcessor - Starting process > mergeFastq
Nov-14 16:31:55.790 [main] DEBUG nextflow.processor.TaskProcessor - Starting process > mergeGroundtruth
Nov-14 16:31:55.791 [main] DEBUG nextflow.script.ScriptRunner - Parsed script files:
  Script_73eab2111eefd34a: /Users/davidkirchner/Documents/Code/uni/sem4/htwpipe/nextflow/ground_truth/accessionFetcher.nf
Nov-14 16:31:55.791 [main] DEBUG nextflow.script.ScriptRunner - > Awaiting termination 
Nov-14 16:31:55.791 [main] DEBUG nextflow.Session - Session await
Nov-14 16:31:55.827 [Actor Thread 14] WARN  nextflow.container.SingularityCache - Apptainer cache directory has not been defined -- Remote image will be stored in the path: /Users/davidkirchner/Documents/Code/uni/sem4/htwpipe/nextflow/ground_truth/work/singularity -- Use the environment variable NXF_APPTAINER_CACHEDIR to specify a different location
Nov-14 16:31:55.828 [Actor Thread 14] INFO  nextflow.container.SingularityCache - Pulling Apptainer image https://depot.galaxyproject.org/singularity/sra-tools%3A3.1.0--h9f5acd7_0 [cache /Users/davidkirchner/Documents/Code/uni/sem4/htwpipe/nextflow/ground_truth/work/singularity/depot.galaxyproject.org-singularity-sra-tools%3A3.1.0--h9f5acd7_0.img]
Nov-14 16:31:55.836 [Actor Thread 12] DEBUG nextflow.processor.TaskProcessor - Handling unexpected condition for
  task: name=parseTXT (1); work-dir=null
  error [java.lang.IllegalStateException]: java.lang.IllegalStateException: Failed to pull singularity image
  command: apptainer pull  --name depot.galaxyproject.org-singularity-sra-tools%3A3.1.0--h9f5acd7_0.img.pulling.1731598315828 https://depot.galaxyproject.org/singularity/sra-tools%3A3.1.0--h9f5acd7_0 > /dev/null
  status : 127
  hint   : Try and increase apptainer.pullTimeout in the config (current is "20m")
  message:
    bash: apptainer: command not found

Nov-14 16:31:55.842 [Actor Thread 12] ERROR nextflow.processor.TaskProcessor - Error executing process > 'parseTXT (1)'

Caused by:
  Failed to pull singularity image
    command: apptainer pull  --name depot.galaxyproject.org-singularity-sra-tools%3A3.1.0--h9f5acd7_0.img.pulling.1731598315828 https://depot.galaxyproject.org/singularity/sra-tools%3A3.1.0--h9f5acd7_0 > /dev/null
    status : 127
    hint   : Try and increase apptainer.pullTimeout in the config (current is "20m")
    message:
      bash: apptainer: command not found


java.lang.IllegalStateException: java.lang.IllegalStateException: Failed to pull singularity image
  command: apptainer pull  --name depot.galaxyproject.org-singularity-sra-tools%3A3.1.0--h9f5acd7_0.img.pulling.1731598315828 https://depot.galaxyproject.org/singularity/sra-tools%3A3.1.0--h9f5acd7_0 > /dev/null
  status : 127
  hint   : Try and increase apptainer.pullTimeout in the config (current is "20m")
  message:
    bash: apptainer: command not found

	at nextflow.container.SingularityCache.getCachePathFor(SingularityCache.groovy:356)
	at nextflow.container.ContainerHandler.createApptainerCache(ContainerHandler.groovy:113)
	at nextflow.container.ContainerHandler.normalizeImageName(ContainerHandler.groovy:87)
	at nextflow.container.resolver.DefaultContainerResolver.resolveImage0(DefaultContainerResolver.groovy:49)
	at nextflow.container.resolver.DefaultContainerResolver.resolveImage(DefaultContainerResolver.groovy:42)
	at org.codehaus.groovy.vmplugin.v8.IndyInterface.fromCache(IndyInterface.java:321)
	at nextflow.processor.TaskRun.containerInfo0(TaskRun.groovy:685)
	at java.base/jdk.internal.reflect.DirectMethodHandleAccessor.invoke(DirectMethodHandleAccessor.java:103)
	at java.base/java.lang.reflect.Method.invoke(Method.java:580)
	at org.codehaus.groovy.reflection.CachedMethod.invoke(CachedMethod.java:343)
	at groovy.lang.MetaMethod.doMethodInvoke(MetaMethod.java:328)
	at groovy.lang.MetaClassImpl.doInvokeMethod(MetaClassImpl.java:1333)
	at groovy.lang.MetaClassImpl.invokeMethod(MetaClassImpl.java:1088)
	at org.codehaus.groovy.runtime.ScriptBytecodeAdapter.invokeMethodOnCurrentN(ScriptBytecodeAdapter.java:96)
	at nextflow.processor.TaskRun.this$dist$invoke$1(TaskRun.groovy)
	at nextflow.processor.TaskRun$4.methodMissing(TaskRun.groovy)
	at java.base/jdk.internal.reflect.DirectMethodHandleAccessor.invoke(DirectMethodHandleAccessor.java:103)
	at java.base/java.lang.reflect.Method.invoke(Method.java:580)
	at org.codehaus.groovy.reflection.CachedMethod.invoke(CachedMethod.java:343)
	at groovy.lang.MetaClassImpl.invokeMissingMethod(MetaClassImpl.java:924)
	at groovy.lang.MetaClassImpl.invokePropertyOrMissing(MetaClassImpl.java:1413)
	at groovy.lang.MetaClassImpl.doInvokeMethod(MetaClassImpl.java:1335)
	at groovy.lang.MetaClassImpl.invokeMethod(MetaClassImpl.java:1088)
	at groovy.lang.MetaClassImpl.invokeMethod(MetaClassImpl.java:1007)
	at org.codehaus.groovy.vmplugin.v8.IndyInterface.fromCache(IndyInterface.java:321)
	at nextflow.processor.TaskRun$4.apply(TaskRun.groovy:670)
	at nextflow.processor.TaskRun$4.apply(TaskRun.groovy)
	at java.base/java.util.concurrent.ConcurrentHashMap.computeIfAbsent(ConcurrentHashMap.java:1710)
	at org.codehaus.groovy.vmplugin.v8.IndyInterface.fromCache(IndyInterface.java:321)
	at nextflow.processor.TaskRun.containerInfo(TaskRun.groovy:667)
	at org.codehaus.groovy.vmplugin.v8.IndyInterface.fromCache(IndyInterface.java:321)
	at nextflow.processor.TaskRun.getContainer(TaskRun.groovy:693)
	at org.codehaus.groovy.vmplugin.v8.IndyInterface.fromCache(IndyInterface.java:321)
	at nextflow.processor.TaskRun.isContainerEnabled(TaskRun.groovy:738)
	at org.codehaus.groovy.vmplugin.v8.IndyInterface.fromCache(IndyInterface.java:321)
	at nextflow.processor.TaskProcessor.createTaskHashKey(TaskProcessor.groovy:2193)
	at org.codehaus.groovy.vmplugin.v8.IndyInterface.fromCache(IndyInterface.java:321)
	at nextflow.processor.TaskProcessor.invokeTask(TaskProcessor.groovy:659)
	at nextflow.processor.InvokeTaskAdapter.call(InvokeTaskAdapter.groovy:52)
	at groovyx.gpars.dataflow.operator.DataflowOperatorActor.startTask(DataflowOperatorActor.java:120)
	at groovyx.gpars.dataflow.operator.ForkingDataflowOperatorActor.access$001(ForkingDataflowOperatorActor.java:35)
	at groovyx.gpars.dataflow.operator.ForkingDataflowOperatorActor$1.run(ForkingDataflowOperatorActor.java:58)
	at java.base/java.util.concurrent.ThreadPerTaskExecutor$TaskRunner.run(ThreadPerTaskExecutor.java:314)
	at java.base/java.lang.Thread.run(Thread.java:1570)
Caused by: java.lang.IllegalStateException: Failed to pull singularity image
  command: apptainer pull  --name depot.galaxyproject.org-singularity-sra-tools%3A3.1.0--h9f5acd7_0.img.pulling.1731598315828 https://depot.galaxyproject.org/singularity/sra-tools%3A3.1.0--h9f5acd7_0 > /dev/null
  status : 127
  hint   : Try and increase apptainer.pullTimeout in the config (current is "20m")
  message:
    bash: apptainer: command not found

	at nextflow.container.SingularityCache.runCommand(SingularityCache.groovy:308)
	at nextflow.container.SingularityCache.downloadContainerImage0(SingularityCache.groovy:275)
	at java.base/jdk.internal.reflect.DirectMethodHandleAccessor.invoke(DirectMethodHandleAccessor.java:103)
	at java.base/java.lang.reflect.Method.invoke(Method.java:580)
	at org.codehaus.groovy.reflection.CachedMethod.invoke(CachedMethod.java:343)
	at groovy.lang.MetaMethod.doMethodInvoke(MetaMethod.java:328)
	at groovy.lang.MetaClassImpl.doInvokeMethod(MetaClassImpl.java:1333)
	at groovy.lang.MetaClassImpl.invokeMethod(MetaClassImpl.java:1088)
	at groovy.lang.MetaClassImpl.invokeMethod(MetaClassImpl.java:1007)
	at org.codehaus.groovy.runtime.InvokerHelper.invokePogoMethod(InvokerHelper.java:645)
	at org.codehaus.groovy.runtime.InvokerHelper.invokeMethod(InvokerHelper.java:628)
	at org.codehaus.groovy.runtime.InvokerHelper.invokeMethodSafe(InvokerHelper.java:82)
	at nextflow.container.SingularityCache$_downloadContainerImage_closure1.doCall(SingularityCache.groovy:243)
	at nextflow.container.SingularityCache$_downloadContainerImage_closure1.call(SingularityCache.groovy)
	at nextflow.file.FileMutex.lock(FileMutex.groovy:106)
	at nextflow.container.SingularityCache.downloadContainerImage(SingularityCache.groovy:243)
	at java.base/jdk.internal.reflect.DirectMethodHandleAccessor.invoke(DirectMethodHandleAccessor.java:103)
	at java.base/java.lang.reflect.Method.invoke(Method.java:580)
	at org.codehaus.groovy.reflection.CachedMethod.invoke(CachedMethod.java:343)
	at groovy.lang.MetaMethod.doMethodInvoke(MetaMethod.java:328)
	at groovy.lang.MetaClassImpl.doInvokeMethod(MetaClassImpl.java:1333)
	at groovy.lang.MetaClassImpl.invokeMethod(MetaClassImpl.java:1088)
	at groovy.lang.MetaClassImpl.invokeMethod(MetaClassImpl.java:1007)
	at org.codehaus.groovy.runtime.InvokerHelper.invokePogoMethod(InvokerHelper.java:645)
	at org.codehaus.groovy.runtime.InvokerHelper.invokeMethod(InvokerHelper.java:628)
	at org.codehaus.groovy.runtime.InvokerHelper.invokeMethodSafe(InvokerHelper.java:82)
	at nextflow.container.SingularityCache$_getLazyImagePath_closure2.doCall(SingularityCache.groovy:333)
	at nextflow.container.SingularityCache$_getLazyImagePath_closure2.call(SingularityCache.groovy)
	at groovyx.gpars.dataflow.LazyDataflowVariable$1.run(LazyDataflowVariable.java:70)
	... 2 common frames omitted
Nov-14 16:31:55.844 [Actor Thread 12] DEBUG nextflow.Session - Session aborted -- Cause: java.lang.IllegalStateException: Failed to pull singularity image
  command: apptainer pull  --name depot.galaxyproject.org-singularity-sra-tools%3A3.1.0--h9f5acd7_0.img.pulling.1731598315828 https://depot.galaxyproject.org/singularity/sra-tools%3A3.1.0--h9f5acd7_0 > /dev/null
  status : 127
  hint   : Try and increase apptainer.pullTimeout in the config (current is "20m")
  message:
    bash: apptainer: command not found

Nov-14 16:31:55.851 [Actor Thread 12] DEBUG nextflow.Session - The following nodes are still active:
[process] parseTXT
  status=ACTIVE
  port 0: (queue) closed; channel: accession
  port 1: (cntrl) -     ; channel: $

[process] fetch
  status=ACTIVE
  port 0: (queue) OPEN  ; channel: sra_cleaned
  port 1: (cntrl) -     ; channel: $

[process] fasterq
  status=ACTIVE
  port 0: (queue) OPEN  ; channel: accessions
  port 1: (cntrl) -     ; channel: $

[process] reader
  status=ACTIVE
  port 0: (queue) OPEN  ; channel: fastq
  port 1: (cntrl) -     ; channel: $

[process] groundtruth_gen
  status=ACTIVE
  port 0: (queue) OPEN  ; channel: fastq
  port 1: (cntrl) -     ; channel: $

[process] mergeFastq
  status=ACTIVE
  port 0: (value) OPEN  ; channel: infastq
  port 1: (cntrl) -     ; channel: $

[process] mergeGroundtruth
  status=ACTIVE
  port 0: (value) OPEN  ; channel: accessiontxt
  port 1: (cntrl) -     ; channel: $

Nov-14 16:31:55.852 [main] DEBUG nextflow.Session - Session await > all processes finished
Nov-14 16:31:55.852 [main] DEBUG nextflow.Session - Session await > all barriers passed
Nov-14 16:31:55.853 [Task monitor] DEBUG n.processor.TaskPollingMonitor - <<< barrier arrives (monitor: local) - terminating tasks monitor poll loop
Nov-14 16:31:55.854 [Actor Thread 4] DEBUG nextflow.processor.TaskProcessor - Handling unexpected condition for
  task: name=parseTXT; work-dir=null
  error [java.lang.InterruptedException]: java.lang.InterruptedException
Nov-14 16:31:55.855 [main] DEBUG n.trace.WorkflowStatsObserver - Workflow completed > WorkflowStats[succeededCount=0; failedCount=0; ignoredCount=0; cachedCount=0; pendingCount=0; submittedCount=0; runningCount=0; retriesCount=0; abortedCount=0; succeedDuration=0ms; failedDuration=0ms; cachedDuration=0ms;loadCpus=0; loadMemory=0; peakRunning=0; peakCpus=0; peakMemory=0; ]
Nov-14 16:31:56.057 [main] DEBUG nextflow.cache.CacheDB - Closing CacheDB done
Nov-14 16:31:56.069 [main] DEBUG nextflow.script.ScriptRunner - > Execution complete -- Goodbye
